[INFO] Scanning for projects...
[INFO] 
[INFO] -------------------< org.example:appointment-system >-------------------
[INFO] Building appointment-system 1.0-SNAPSHOT
[INFO]   from pom.xml
[INFO] --------------------------------[ jar ]---------------------------------
[INFO] 
[INFO] --- clean:3.2.0:clean (default-clean) @ appointment-system ---
[INFO] Deleting C:\Users\inshe\Desktop\Software\appointment-system\target
[INFO] 
[INFO] --- jacoco:0.8.13:prepare-agent (prepare-agent) @ appointment-system ---
[INFO] argLine set to -javaagent:C:\\Users\\inshe\\.m2\\repository\\org\\jacoco\\org.jacoco.agent\\0.8.13\\org.jacoco.agent-0.8.13-runtime.jar=destfile=C:\\Users\\inshe\\Desktop\\Software\\appointment-system\\target\\jacoco.exec,excludes=**/Main.class:**/main.class:**/presentation/gui/**:**/gui/**:**/*Frame.class:**/*Panel.class:**/*Dialog.class:**/*View.class:**/*Controller.class
[INFO] 
[INFO] --- resources:3.3.1:resources (default-resources) @ appointment-system ---
[INFO] Copying 1 resource from src\main\resources to target\classes
[INFO] 
[INFO] --- compiler:3.13.0:compile (default-compile) @ appointment-system ---
[INFO] Recompiling the module because of changed source code.
[INFO] Compiling 70 source files with javac [debug release 17] to target\classes
[INFO] 
[INFO] --- resources:3.3.1:testResources (default-testResources) @ appointment-system ---
[INFO] skip non existing resourceDirectory C:\Users\inshe\Desktop\Software\appointment-system\src\test\resources
[INFO] 
[INFO] --- compiler:3.13.0:testCompile (default-testCompile) @ appointment-system ---
[INFO] Recompiling the module because of changed dependency.
[INFO] Compiling 65 source files with javac [debug release 17] to target\test-classes
[INFO] 
[INFO] --- surefire:3.2.5:test (default-test) @ appointment-system ---
[INFO] Using auto detected provider org.apache.maven.surefire.junitplatform.JUnitPlatformProvider
[INFO] 
[INFO] -------------------------------------------------------
[INFO]  T E S T S
[INFO] -------------------------------------------------------
[INFO] Running org.example.domain.AppointmentSlotTest
[INFO] Tests run: 8, Failures: 0, Errors: 0, Skipped: 0, Time elapsed: 0.261 s -- in org.example.domain.AppointmentSlotTest
[INFO] Running org.example.domain.AppointmentTest
[INFO] Tests run: 14, Failures: 0, Errors: 0, Skipped: 0, Time elapsed: 0.340 s -- in org.example.domain.AppointmentTest
[INFO] Running org.example.domain.CredentialsTest
[INFO] Tests run: 11, Failures: 0, Errors: 0, Skipped: 0, Time elapsed: 0.070 s -- in org.example.domain.CredentialsTest
[INFO] Running org.example.domain.DomainEnumsTest
[INFO] Tests run: 3, Failures: 0, Errors: 0, Skipped: 0, Time elapsed: 0.025 s -- in org.example.domain.DomainEnumsTest
[INFO] Running org.example.domain.SystemUserCompatibilityTest
[INFO] Tests run: 5, Failures: 0, Errors: 0, Skipped: 0, Time elapsed: 0.015 s -- in org.example.domain.SystemUserCompatibilityTest
[INFO] Running org.example.domain.SystemUserTest
[INFO] Tests run: 10, Failures: 0, Errors: 0, Skipped: 0, Time elapsed: 0.033 s -- in org.example.domain.SystemUserTest
[INFO] Running org.example.MainAdminMenuBookingFlowTest
[INFO] Tests run: 2, Failures: 0, Errors: 0, Skipped: 0, Time elapsed: 0.107 s -- in org.example.MainAdminMenuBookingFlowTest
[INFO] Running org.example.MainLogoutFlowTest
[INFO] Tests run: 2, Failures: 0, Errors: 0, Skipped: 0, Time elapsed: 0.011 s -- in org.example.MainLogoutFlowTest
[INFO] Running org.example.notification.EmailNotificationServiceTest
[INFO] Tests run: 9, Failures: 0, Errors: 0, Skipped: 0, Time elapsed: 2.081 s -- in org.example.notification.EmailNotificationServiceTest
[INFO] Running org.example.notification.LoginNotifierTest
[INFO] Tests run: 5, Failures: 0, Errors: 0, Skipped: 0, Time elapsed: 0.017 s -- in org.example.notification.LoginNotifierTest
[INFO] Running org.example.presentation.gui.AdminDashboardFrameTest
[INFO] Tests run: 4, Failures: 0, Errors: 0, Skipped: 0, Time elapsed: 2.302 s -- in org.example.presentation.gui.AdminDashboardFrameTest
[INFO] Running org.example.presentation.gui.AdminReservationsPanelTest
